[    0.000000] Initializing cgroup subsys cpuset
[    0.000000] Initializing cgroup subsys cpu
[    0.000000] Initializing cgroup subsys cpuacct
[    0.000000] Linux version 4.4.0-78-generic (buildd@lgw01-11) (gcc version 5.4.0 20160609 (Ubuntu 5.4.0-6ubuntu1~16.04.4) ) #99-Ubuntu SMP Thu Apr 27 15:29:09 UTC 2017 (Ubuntu 4.4.0-78.99-generic 4.4.62)
[    0.000000] Command line: BOOT_IMAGE=/boot/vmlinuz-4.4.0-78-generic root=LABEL=cloudimg-rootfs ro console=tty1 console=ttyS0
[    0.000000] KERNEL supported cpus:
[    0.000000]   Intel GenuineIntel
[    0.000000]   AMD AuthenticAMD
[    0.000000]   Centaur CentaurHauls
[    0.000000] x86/fpu: xstate_offset[2]:  576, xstate_sizes[2]:  256
[    0.000000] x86/fpu: Supporting XSAVE feature 0x01: 'x87 floating point registers'
[    0.000000] x86/fpu: Supporting XSAVE feature 0x02: 'SSE registers'
[    0.000000] x86/fpu: Supporting XSAVE feature 0x04: 'AVX registers'
[    0.000000] x86/fpu: Enabled xstate features 0x7, context size is 832 bytes, using 'standard' format.
[    0.000000] x86/fpu: Using 'lazy' FPU context switches.
[    0.000000] e820: BIOS-provided physical RAM map:
[    0.000000] BIOS-e820: [mem 0x0000000000000000-0x000000000009fbff] usable
[    0.000000] BIOS-e820: [mem 0x000000000009fc00-0x000000000009ffff] reserved
[    0.000000] BIOS-e820: [mem 0x00000000000f0000-0x00000000000fffff] reserved
[    0.000000] BIOS-e820: [mem 0x0000000000100000-0x000000007ffeffff] usable
[    0.000000] BIOS-e820: [mem 0x000000007fff0000-0x000000007fffffff] ACPI data
[    0.000000] BIOS-e820: [mem 0x00000000fec00000-0x00000000fec00fff] reserved
[    0.000000] BIOS-e820: [mem 0x00000000fee00000-0x00000000fee00fff] reserved
[    0.000000] BIOS-e820: [mem 0x00000000fffc0000-0x00000000ffffffff] reserved
[    0.000000] NX (Execute Disable) protection: active
[    0.000000] SMBIOS 2.5 present.
[    0.000000] Hypervisor detected: KVM
[    0.000000] e820: last_pfn = 0x7fff0 max_arch_pfn = 0x400000000
[    0.000000] MTRR: Disabled
[    0.000000] x86/PAT: MTRRs disabled, skipping PAT initialization too.
[    0.000000] x86/PAT: Configuration [0-7]: WB  WT  UC- UC  WB  WT  UC- UC  
[    0.000000] CPU MTRRs all blank - virtualized system.
[    0.000000] found SMP MP-table at [mem 0x0009fff0-0x0009ffff] mapped at [ffff88000009fff0]
[    0.000000] Scanning 1 areas for low memory corruption
[    0.000000] RAMDISK: [mem 0x36af2000-0x37570fff]
[    0.000000] ACPI: Early table checksum verification disabled
[    0.000000] ACPI: RSDP 0x00000000000E0000 000024 (v02 VBOX  )
[    0.000000] ACPI: XSDT 0x000000007FFF0030 00003C (v01 VBOX   VBOXXSDT 00000001 ASL  00000061)
[    0.000000] ACPI: FACP 0x000000007FFF00F0 0000F4 (v04 VBOX   VBOXFACP 00000001 ASL  00000061)
[    0.000000] ACPI: DSDT 0x000000007FFF0470 0021C8 (v02 VBOX   VBOXBIOS 00000002 INTL 20100528)
[    0.000000] ACPI: FACS 0x000000007FFF0200 000040
[    0.000000] ACPI: FACS 0x000000007FFF0200 000040
[    0.000000] ACPI: APIC 0x000000007FFF0240 00005C (v02 VBOX   VBOXAPIC 00000001 ASL  00000061)
[    0.000000] ACPI: SSDT 0x000000007FFF02A0 0001CC (v01 VBOX   VBOXCPUT 00000002 INTL 20100528)
[    0.000000] No NUMA configuration found
[    0.000000] Faking a node at [mem 0x0000000000000000-0x000000007ffeffff]
[    0.000000] NODE_DATA(0) allocated [mem 0x7ffeb000-0x7ffeffff]
[    0.000000] kvm-clock: Using msrs 4b564d01 and 4b564d00
[    0.000000] kvm-clock: cpu 0, msr 0:7ffe3001, primary cpu clock
[    0.000000] kvm-clock: using sched offset of 3073443899 cycles
[    0.000000] clocksource: kvm-clock: mask: 0xffffffffffffffff max_cycles: 0x1cd42e4dffb, max_idle_ns: 881590591483 ns
[    0.000000] Zone ranges:
[    0.000000]   DMA      [mem 0x0000000000001000-0x0000000000ffffff]
[    0.000000]   DMA32    [mem 0x0000000001000000-0x000000007ffeffff]
[    0.000000]   Normal   empty
[    0.000000]   Device   empty
[    0.000000] Movable zone start for each node
[    0.000000] Early memory node ranges
[    0.000000]   node   0: [mem 0x0000000000001000-0x000000000009efff]
[    0.000000]   node   0: [mem 0x0000000000100000-0x000000007ffeffff]
[    0.000000] Initmem setup node 0 [mem 0x0000000000001000-0x000000007ffeffff]
[    0.000000] ACPI: PM-Timer IO Port: 0x4008
[    0.000000] IOAPIC[0]: apic_id 2, version 32, address 0xfec00000, GSI 0-23
[    0.000000] ACPI: INT_SRC_OVR (bus 0 bus_irq 0 global_irq 2 dfl dfl)
[    0.000000] ACPI: INT_SRC_OVR (bus 0 bus_irq 9 global_irq 9 high level)
[    0.000000] Using ACPI (MADT) for SMP configuration information
[    0.000000] smpboot: Allowing 2 CPUs, 0 hotplug CPUs
[    0.000000] PM: Registered nosave memory: [mem 0x00000000-0x00000fff]
[    0.000000] PM: Registered nosave memory: [mem 0x0009f000-0x0009ffff]
[    0.000000] PM: Registered nosave memory: [mem 0x000a0000-0x000effff]
[    0.000000] PM: Registered nosave memory: [mem 0x000f0000-0x000fffff]
[    0.000000] e820: [mem 0x80000000-0xfebfffff] available for PCI devices
[    0.000000] Booting paravirtualized kernel on KVM
[    0.000000] clocksource: refined-jiffies: mask: 0xffffffff max_cycles: 0xffffffff, max_idle_ns: 7645519600211568 ns
[    0.000000] setup_percpu: NR_CPUS:512 nr_cpumask_bits:512 nr_cpu_ids:2 nr_node_ids:1
[    0.000000] PERCPU: Embedded 33 pages/cpu @ffff88007fc00000 s98264 r8192 d28712 u1048576
[    0.000000] PV qspinlock hash table entries: 256 (order: 0, 4096 bytes)
[    0.000000] Built 1 zonelists in Node order, mobility grouping on.  Total pages: 515961
[    0.000000] Policy zone: DMA32
[    0.000000] Kernel command line: BOOT_IMAGE=/boot/vmlinuz-4.4.0-78-generic root=LABEL=cloudimg-rootfs ro console=tty1 console=ttyS0
[    0.000000] PID hash table entries: 4096 (order: 3, 32768 bytes)
[    0.000000] Memory: 2034024K/2096696K available (8469K kernel code, 1294K rwdata, 3984K rodata, 1484K init, 1316K bss, 62672K reserved, 0K cma-reserved)
[    0.000000] SLUB: HWalign=64, Order=0-3, MinObjects=0, CPUs=2, Nodes=1
[    0.000000] Hierarchical RCU implementation.
[    0.000000] 	Build-time adjustment of leaf fanout to 64.
[    0.000000] 	RCU restricting CPUs from NR_CPUS=512 to nr_cpu_ids=2.
[    0.000000] RCU: Adjusting geometry for rcu_fanout_leaf=64, nr_cpu_ids=2
[    0.000000] NR_IRQS:33024 nr_irqs:440 16
[    0.000000] Console: colour VGA+ 80x25
[    0.000000] console [tty1] enabled
[    0.000000] console [ttyS0] enabled
[    0.000000] tsc: Detected 3099.998 MHz processor
[    2.685363] Calibrating delay loop (skipped) preset value.. 6199.99 BogoMIPS (lpj=12399992)
[    2.714587] pid_max: default: 32768 minimum: 301
[    2.724402] ACPI: Core revision 20150930
[    2.735943] ACPI: 2 ACPI AML tables successfully acquired and loaded
[    2.761030] Security Framework initialized
[    2.786068] Yama: becoming mindful.
[    2.818527] AppArmor: AppArmor initialized
[    2.829127] Dentry cache hash table entries: 262144 (order: 9, 2097152 bytes)
[    2.833408] Inode-cache hash table entries: 131072 (order: 8, 1048576 bytes)
[    2.842479] Mount-cache hash table entries: 4096 (order: 3, 32768 bytes)
[    2.846820] Mountpoint-cache hash table entries: 4096 (order: 3, 32768 bytes)
[    2.863999] Initializing cgroup subsys io
[    2.872211] Initializing cgroup subsys memory
[    2.876989] Initializing cgroup subsys devices
[    2.884080] Initializing cgroup subsys freezer
[    2.898405] Initializing cgroup subsys net_cls
[    2.929096] Initializing cgroup subsys perf_event
[    2.948162] Initializing cgroup subsys net_prio
[    2.976808] Initializing cgroup subsys hugetlb
[    3.002696] Initializing cgroup subsys pids
[    3.003894] CPU: Physical Processor ID: 0
[    3.011627] CPU: Processor Core ID: 0
[    3.035689] mce: CPU supports 0 MCE banks
[    3.053663] Last level iTLB entries: 4KB 64, 2MB 8, 4MB 8
[    3.061221] Last level dTLB entries: 4KB 64, 2MB 0, 4MB 0, 1GB 4
[    3.080487] Freeing SMP alternatives memory: 32K (ffffffff820b8000 - ffffffff820c0000)
[    3.102107] ftrace: allocating 32120 entries in 126 pages
[    3.167227] smpboot: APIC(0) Converting physical 0 to logical package 0
[    3.174894] smpboot: Max logical packages: 1
[    3.181717] x2apic enabled
[    3.182676] Switched APIC routing to physical x2apic.
[    3.210264] ..TIMER: vector=0x30 apic1=0 pin1=2 apic2=-1 pin2=-1
[    3.339233] smpboot: CPU0: Intel(R) Core(TM) i7-5557U CPU @ 3.10GHz (family: 0x6, model: 0x3d, stepping: 0x4)
[    3.381713] Performance Events: unsupported p6 CPU model 61 no PMU driver, software events only.
[    3.440582] KVM setup paravirtual spinlock
[    3.492995] x86: Booting SMP configuration:
[    3.511443] .... node  #0, CPUs:      #1
[    3.562447] kvm-clock: cpu 1, msr 0:7ffe3041, secondary cpu clock
[    3.567849] mce: CPU supports 0 MCE banks
[    3.572318] x86: Booted up 1 node, 2 CPUs
[    3.575975] smpboot: Total of 2 processors activated (12399.99 BogoMIPS)
[    3.633951] devtmpfs: initialized
[    3.649833] evm: security.selinux
[    3.685145] evm: security.SMACK64
[    3.699531] evm: security.SMACK64EXEC
[    3.720071] evm: security.SMACK64TRANSMUTE
[    3.746527] evm: security.SMACK64MMAP
[    3.791338] evm: security.ima
[    3.810612] evm: security.capability
[    3.858845] clocksource: jiffies: mask: 0xffffffff max_cycles: 0xffffffff, max_idle_ns: 7645041785100000 ns
[    3.909356] futex hash table entries: 512 (order: 3, 32768 bytes)
[    3.957117] pinctrl core: initialized pinctrl subsystem
[    3.973725] RTC time: 22:20:00, date: 07/05/17
[    3.995528] NET: Registered protocol family 16
[    4.032143] cpuidle: using governor ladder
[    4.056126] cpuidle: using governor menu
[    4.064140] PCCT header not found.
[    4.077994] ACPI: bus type PCI registered
[    4.102646] acpiphp: ACPI Hot Plug PCI Controller Driver version: 0.5
[    4.112111] PCI: Using configuration type 1 for base access
[    4.180798] ACPI: Added _OSI(Module Device)
[    4.220057] ACPI: Added _OSI(Processor Device)
[    4.254482] ACPI: Added _OSI(3.0 _SCP Extensions)
[    4.284224] ACPI: Added _OSI(Processor Aggregator Device)
[    4.316716] ACPI: Executed 1 blocks of module-level executable AML code
[    4.375961] ACPI: Interpreter enabled
[    4.390056] ACPI: (supports S0 S5)
[    4.401880] ACPI: Using IOAPIC for interrupt routing
[    4.428831] PCI: Using host bridge windows from ACPI; if necessary, use "pci=nocrs" and report a bug
[    4.527264] ACPI: PCI Root Bridge [PCI0] (domain 0000 [bus 00-ff])
[    4.585741] acpi PNP0A03:00: _OSC: OS supports [ASPM ClockPM Segments MSI]
[    4.652531] acpi PNP0A03:00: _OSC failed (AE_NOT_FOUND); disabling ASPM
[    4.699003] acpi PNP0A03:00: fail to add MMCONFIG information, can't access extended PCI configuration space under this bridge.
[    4.775991] PCI host bridge to bus 0000:00
[    4.810913] pci_bus 0000:00: root bus resource [io  0x0000-0x0cf7 window]
[    4.887081] pci_bus 0000:00: root bus resource [io  0x0d00-0xffff window]
[    4.941535] pci_bus 0000:00: root bus resource [mem 0x000a0000-0x000bffff window]
[    4.953120] pci_bus 0000:00: root bus resource [mem 0x80000000-0xffdfffff window]
[    4.959749] pci_bus 0000:00: root bus resource [bus 00-ff]
[    4.976236] pci 0000:00:01.1: legacy IDE quirk: reg 0x10: [io  0x01f0-0x01f7]
[    4.988049] pci 0000:00:01.1: legacy IDE quirk: reg 0x14: [io  0x03f6]
[    5.006488] pci 0000:00:01.1: legacy IDE quirk: reg 0x18: [io  0x0170-0x0177]
[    5.021774] pci 0000:00:01.1: legacy IDE quirk: reg 0x1c: [io  0x0376]
[    5.068745] pci 0000:00:07.0: quirk: [io  0x4000-0x403f] claimed by PIIX4 ACPI
[    5.077733] pci 0000:00:07.0: quirk: [io  0x4100-0x410f] claimed by PIIX4 SMB
[    5.129822] ACPI: PCI Interrupt Link [LNKA] (IRQs 5 9 10 *11)
[    5.163535] ACPI: PCI Interrupt Link [LNKB] (IRQs 5 9 10 *11)
[    5.201696] ACPI: PCI Interrupt Link [LNKC] (IRQs 5 9 *10 11)
[    5.225215] ACPI: PCI Interrupt Link [LNKD] (IRQs 5 *9 10 11)
[    5.258936] ACPI: Enabled 2 GPEs in block 00 to 07
[    5.273116] vgaarb: setting as boot device: PCI:0000:00:02.0
[    5.280050] vgaarb: device added: PCI:0000:00:02.0,decodes=io+mem,owns=io+mem,locks=none
[    5.336773] vgaarb: loaded
[    5.365076] vgaarb: bridge control possible 0000:00:02.0
[    5.417516] SCSI subsystem initialized
[    5.462183] ACPI: bus type USB registered
[    5.492163] usbcore: registered new interface driver usbfs
[    5.517286] usbcore: registered new interface driver hub
[    5.563368] usbcore: registered new device driver usb
[    5.628488] PCI: Using ACPI for IRQ routing
[    5.664910] NetLabel: Initializing
[    5.685638] NetLabel:  domain hash size = 128
[    5.720674] NetLabel:  protocols = UNLABELED CIPSOv4
[    5.762748] NetLabel:  unlabeled traffic allowed by default
[    5.799660] amd_nb: Cannot enumerate AMD northbridges
[    5.862108] clocksource: Switched to clocksource kvm-clock
[    5.922755] AppArmor: AppArmor Filesystem Enabled
[    6.003522] pnp: PnP ACPI init
[    6.021936] pnp: PnP ACPI: found 3 devices
[    6.088041] clocksource: acpi_pm: mask: 0xffffff max_cycles: 0xffffff, max_idle_ns: 2085701024 ns
[    6.115106] NET: Registered protocol family 2
[    6.134057] TCP established hash table entries: 16384 (order: 5, 131072 bytes)
[    6.158052] TCP bind hash table entries: 16384 (order: 6, 262144 bytes)
[    6.169179] TCP: Hash tables configured (established 16384 bind 16384)
[    6.185534] UDP hash table entries: 1024 (order: 3, 32768 bytes)
[    6.205615] UDP-Lite hash table entries: 1024 (order: 3, 32768 bytes)
[    6.216840] NET: Registered protocol family 1
[    6.240821] pci 0000:00:00.0: Limiting direct PCI/PCI transfers
[    6.279215] pci 0000:00:01.0: Activating ISA DMA hang workarounds
[    6.281150] Unpacking initramfs...
[    8.189198] Freeing initrd memory: 10748K (ffff880036af2000 - ffff880037571000)
[    8.233211] RAPL PMU detected, API unit is 2^-32 Joules, 4 fixed counters 10737418240 ms ovfl timer
[    8.275393] hw unit of domain pp0-core 2^-0 Joules
[    8.326086] hw unit of domain package 2^-0 Joules
[    8.382284] hw unit of domain dram 2^-0 Joules
[    8.403533] hw unit of domain pp1-gpu 2^-0 Joules
[    8.466897] platform rtc_cmos: registered platform RTC device (no PNP device found)
[    8.498407] Scanning for low memory corruption every 60 seconds
[    8.533100] audit: initializing netlink subsys (disabled)
[    8.582419] audit: type=2000 audit(1499293203.653:1): initialized
[    8.610389] Initialise system trusted keyring
[    8.614405] HugeTLB registered 2 MB page size, pre-allocated 0 pages
[    8.640969] zbud: loaded
[    8.654234] VFS: Disk quotas dquot_6.6.0
[    8.674915] VFS: Dquot-cache hash table entries: 512 (order 0, 4096 bytes)
[    8.710523] squashfs: version 4.0 (2009/01/31) Phillip Lougher
[    8.715662] fuse init (API version 7.23)
[    8.723202] Key type big_key registered
[    8.745187] Allocating IMA MOK and blacklist keyrings.
[    8.782980] Key type asymmetric registered
[    8.807572] Asymmetric key parser 'x509' registered
[    8.808635] Block layer SCSI generic (bsg) driver version 0.4 loaded (major 249)
[    8.830346] io scheduler noop registered
[    8.849541] io scheduler deadline registered (default)
[    8.852735] io scheduler cfq registered
[    8.856526] pci_hotplug: PCI Hot Plug PCI Core version: 0.5
[    8.859607] pciehp: PCI Express Hot Plug Controller Driver version: 0.4
[    8.869628] ACPI: AC Adapter [AC] (on-line)
[    8.879743] input: Power Button as /devices/LNXSYSTM:00/LNXPWRBN:00/input/input0
[    8.892632] ACPI: Power Button [PWRF]
[    8.896926] input: Sleep Button as /devices/LNXSYSTM:00/LNXSLPBN:00/input/input1
[    8.924524] ACPI: Sleep Button [SLPF]
[    8.935022] ACPI: Battery Slot [BAT0] (battery present)
[    8.938737] GHES: HEST is not enabled!
[    8.954302] Serial: 8250/16550 driver, 32 ports, IRQ sharing enabled
[    8.978347] 00:02: ttyS0 at I/O 0x3f8 (irq = 4, base_baud = 115200) is a 16550A
[    9.001765] Linux agpgart interface v0.103
[    9.013022] loop: module loaded
[    9.029412] scsi host0: ata_piix
[    9.041782] scsi host1: ata_piix
[    9.081700] ata1: PATA max UDMA/33 cmd 0x1f0 ctl 0x3f6 bmdma 0xd000 irq 14
[    9.083309] ata2: PATA max UDMA/33 cmd 0x170 ctl 0x376 bmdma 0xd008 irq 15
[    9.085163] libphy: Fixed MDIO Bus: probed
[    9.117326] tun: Universal TUN/TAP device driver, 1.6
[    9.172354] tun: (C) 1999-2004 Max Krasnyansky <maxk@qualcomm.com>
[    9.189072] PPP generic driver version 2.4.2
[    9.232824] ehci_hcd: USB 2.0 'Enhanced' Host Controller (EHCI) Driver
[    9.291363] ehci-pci: EHCI PCI platform driver
[    9.301200] ehci-platform: EHCI generic platform driver
[    9.354601] ohci_hcd: USB 1.1 'Open' Host Controller (OHCI) Driver
[    9.413256] ohci-pci: OHCI PCI platform driver
[    9.475733] ohci-platform: OHCI generic platform driver
[    9.478196] tsc: Refined TSC clocksource calibration: 3099.931 MHz
[    9.478198] clocksource: tsc: mask: 0xffffffffffffffff max_cycles: 0x2caf0687a81, max_idle_ns: 440795343929 ns
[    9.555206] uhci_hcd: USB Universal Host Controller Interface driver
[    9.671527] i8042: PNP: PS/2 Controller [PNP0303:PS2K,PNP0f03:PS2M] at 0x60,0x64 irq 1,12
[    9.792525] serio: i8042 KBD port at 0x60,0x64 irq 1
[    9.856368] serio: i8042 AUX port at 0x60,0x64 irq 12
[    9.913250] mousedev: PS/2 mouse device common for all mice
[    9.950148] input: AT Translated Set 2 keyboard as /devices/platform/i8042/serio0/input/input2
[    9.973467] rtc_cmos rtc_cmos: rtc core: registered rtc_cmos as rtc0
[   10.084047] rtc_cmos rtc_cmos: alarms up to one day, 114 bytes nvram
[   10.119437] i2c /dev entries driver
[   10.145691] device-mapper: uevent: version 1.0.3
[   10.167237] device-mapper: ioctl: 4.34.0-ioctl (2015-10-28) initialised: dm-devel@redhat.com
[   10.276002] ledtrig-cpu: registered to indicate activity on CPUs
[   10.296128] NET: Registered protocol family 10
[   10.307987] NET: Registered protocol family 17
[   10.313364] Key type dns_resolver registered
[   10.322553] microcode: CPU0 sig=0x306d4, pf=0x40, revision=0x0
[   10.327317] microcode: CPU1 sig=0x306d4, pf=0x40, revision=0x0
[   10.353602] microcode: Microcode Update Driver: v2.01 <tigran@aivazian.fsnet.co.uk>, Peter Oruba
[   10.401715] registered taskstats version 1
[   10.443592] Loading compiled-in X.509 certificates
[   10.485737] Loaded X.509 cert 'Build time autogenerated kernel key: 779fd75203f0d36b99b83c7328fac831ec7adf9e'
[   10.517814] zswap: loaded using pool lzo/zbud
[   10.533214] Key type trusted registered
[   10.564480] Key type encrypted registered
[   10.584278] AppArmor: AppArmor sha1 policy hashing enabled
[   10.629451] ima: No TPM chip found, activating TPM-bypass!
[   10.708968] evm: HMAC attrs: 0x1
[   10.728056]   Magic number: 9:985:349
[   10.768441] rtc_cmos rtc_cmos: setting system clock to 2017-07-05 22:20:06 UTC (1499293206)
[   10.831009] BIOS EDD facility v0.16 2004-Jun-25, 0 devices found
[   10.884348] EDD information not available.
[   10.922586] Freeing unused kernel memory: 1484K (ffffffff81f45000 - ffffffff820b8000)
[   10.973096] Write protecting the kernel read-only data: 14336k
[   10.983220] Freeing unused kernel memory: 1760K (ffff880001848000 - ffff880001a00000)
[   11.052164] Freeing unused kernel memory: 112K (ffff880001de4000 - ffff880001e00000)
Loading, please wait...
starting version[   11.092029] random: systemd-udevd: uninitialized urandom read (16 bytes read, 7 bits of entropy available)
 229
[   11.092566] random: udevadm: uninitialized urandom read (16 bytes read, 7 bits of entropy available)
[   11.092594] random: udevadm: uninitialized urandom read (16 bytes read, 7 bits of entropy available)
[   11.092679] random: udevadm: uninitialized urandom read (16 bytes read, 7 bits of entropy available)
[   11.092711] random: udevadm: uninitialized urandom read (16 bytes read, 7 bits of entropy available)
[   11.092741] random: udevadm: uninitialized urandom read (16 bytes read, 7 bits of entropy available)
[   11.092771] random: udevadm: uninitialized urandom read (16 bytes read, 7 bits of entropy available)
[   11.092798] random: udevadm: uninitialized urandom read (16 bytes read, 7 bits of entropy available)
[   11.092826] random: udevadm: uninitialized urandom read (16 bytes read, 7 bits of entropy available)
[   11.092861] random: udevadm: uninitialized urandom read (16 bytes read, 7 bits of entropy available)
[   11.902004] Fusion MPT base driver 3.04.20
[   11.916764] Copyright (c) 1999-2008 LSI Corporation
[   11.973119] Fusion MPT SPI Host driver 3.04.20
[   11.982273] e1000: Intel(R) PRO/1000 Network Driver - version 7.3.21-k8-NAPI
[   11.982274] e1000: Copyright (c) 1999-2006 Intel Corporation.
[   12.112799] AVX version of gcm_enc/dec engaged.
[   12.116217] AES CTR mode by8 optimization enabled
[   12.259178] input: ImExPS/2 Generic Explorer Mouse as /devices/platform/i8042/serio1/input/input4
[   12.614604] e1000 0000:00:03.0 eth0: (PCI:33MHz:32-bit) 02:19:5c:9f:a4:65
[   12.639776] e1000 0000:00:03.0 eth0: Intel(R) PRO/1000 Network Connection
[   12.667524] e1000 0000:00:03.0 enp0s3: renamed from eth0
[   12.678399] mptbase: ioc0: Initiating bringup
[   12.749353] ioc0: LSI53C1030 A0: Capabilities={Initiator}
[   12.915383] scsi host2: ioc0: LSI53C1030 A0, FwRev=00000000h, Ports=1, MaxQ=256, IRQ=20
[   13.038567] scsi 2:0:0:0: Direct-Access     VBOX     HARDDISK         1.0  PQ: 0 ANSI: 5
[   13.071549] scsi target2:0:0: Beginning Domain Validation
[   13.123847] scsi target2:0:0: Domain Validation skipping write tests
[   13.257388] scsi target2:0:0: Ending Domain Validation
[   13.296443] scsi target2:0:0: asynchronous
[   13.330845] scsi 2:0:1:0: Direct-Access     VBOX     HARDDISK         1.0  PQ: 0 ANSI: 5
[   13.446676] scsi target2:0:1: Beginning Domain Validation
[   13.461684] scsi target2:0:1: Domain Validation skipping write tests
[   13.467366] scsi target2:0:1: Ending Domain Validation
[   13.484158] scsi target2:0:1: asynchronous
[   13.603588] sd 2:0:0:0: Attached scsi generic sg0 type 0
[   13.624913] sd 2:0:1:0: [sdb] 20480 512-byte logical blocks: (10.5 MB/10.0 MiB)
[   13.625250] sd 2:0:0:0: [sda] 20971520 512-byte logical blocks: (10.7 GB/10.0 GiB)
[   13.651121] sd 2:0:1:0: Attached scsi generic sg1 type 0
[   13.651381] sd 2:0:1:0: [sdb] Write Protect is off
[   13.651500] sd 2:0:1:0: [sdb] Incomplete mode parameter data
[   13.651501] sd 2:0:1:0: [sdb] Assuming drive cache: write through
[   13.663382] sd 2:0:1:0: [sdb] Attached SCSI disk
[   13.692135] sd 2:0:0:0: [sda] Write Protect is off
[   13.692291] sd 2:0:0:0: [sda] Incomplete mode parameter data
[   13.692292] sd 2:0:0:0: [sda] Assuming drive cache: write through
[   13.708298]  sda: sda1
[   13.710900] sd 2:0:0:0: [sda] Attached SCSI disk
[   14.966674] floppy0: no floppy controllers found
Begin: Loading e[   16.492047] md: linear personality registered for level -1
ssential drivers ... [   16.506922] md: multipath personality registered for level -4
[   16.558571] md: raid0 personality registered for level 0
[   16.605769] md: raid1 personality registered for level 1
[   16.722305] raid6: sse2x1   gen()  9246 MB/s
[   16.798211] raid6: sse2x1   xor()  6634 MB/s
[   16.878211] raid6: sse2x2   gen()  9945 MB/s
[   17.002150] raid6: sse2x2   xor()  7773 MB/s
[   17.114176] raid6: sse2x4   gen() 13051 MB/s
[   17.210150] raid6: sse2x4   xor()  9028 MB/s
[   17.253629] raid6: using algorithm sse2x4 gen() 13051 MB/s
[   17.260358] raid6: .... xor() 9028 MB/s, rmw enabled
[   17.280618] raid6: using ssse3x2 recovery algorithm
[   17.340395] xor: automatically using best checksumming function:
[   17.407198]    avx       : 17019.000 MB/sec
[   17.420573] async_tx: api initialized (async)
[   17.457447] md: raid6 personality registered for level 6
[   17.467068] md: raid5 personality registered for level 5
[   17.475672] md: raid4 personality registered for level 4
[   17.505976] md: raid10 personality registered for level 10
done.
Begin: Running /scripts/init-premount ... done.
Begin: Mounting root file system ... Begin: Running /scripts/[   17.604263] Btrfs loaded
local-top ... done.
Begin: Running /scripts/local-premount ... Scanning for Btrfs filesystems
done.
Warning: fsck not present, so skipping root file[   17.658945] EXT4-fs (sda1): mounted filesystem with ordered data mode. Opts: (null)
 system
done.
Begin: Running /scripts/local-bottom ... done.
Begin: Running /scripts/init-bottom ... done.
[   17.771954] systemd[1]: systemd 229 running in system mode. (+PAM +AUDIT +SELINUX +IMA +APPARMOR +SMACK +SYSVINIT +UTMP +LIBCRYPTSETUP +GCRYPT +GNUTLS +ACL +XZ -LZ4 +SECCOMP +BLKID +ELFUTILS +KMOD -IDN)
[   17.839989] systemd[1]: Detected virtualization oracle.
[   17.875465] systemd[1]: Detected architecture x86-64.

Welcome to [1mUbuntu 16.04.2 LTS[0m!

[   17.896883] systemd[1]: Set hostname to <ubuntu>.
[   17.908485] systemd[1]: Initializing machine ID from random generator.
[   17.932505] systemd[1]: Installed transient /etc/machine-id file.
[   18.174935] systemd[1]: Listening on Journal Audit Socket.
[[0;32m  OK  [0m] Listening on Journal Audit Socket.
[   18.227061] systemd[1]: Created slice System Slice.
[[0;32m  OK  [0m] Created slice System Slice.
[   18.318734] systemd[1]: Started Forward Password Requests to Wall Directory Watch.
[[0;32m  OK  [0m] Started Forward Password Requests to Wall Directory Watch.
[   18.462854] systemd[1]: Set up automount Arbitrary Executable File Formats File System Automount Point.
[[0;32m  OK  [0m] Set up automount Arbitrary Executab...ats File System Automount Point.
[   18.561992] systemd[1]: Started Trigger resolvconf update for networkd DNS.
[[   18.650326] random: nonblocking pool is initialized
[0;32m  OK  [0m] Started Trigger resolvconf update for networkd DNS.
[   18.762626] systemd[1]: Listening on Journal Socket (/dev/log).
[[0;32m  OK  [0m] Listening on Journal Socket (/dev/log).
[   18.858572] systemd[1]: Listening on LVM2 metadata daemon socket.
[[0;32m  OK  [0m] Listening on LVM2 metadata daemon socket.
[   18.966868] systemd[1]: Listening on LVM2 poll daemon socket.
[[0;32m  OK  [0m] Listening on LVM2 poll daemon socket.
[   19.110525] systemd[1]: Reached target User and Group Name Lookups.
[[0;32m  OK  [0m] Reached target User and Group Name Lookups.
[   19.274837] systemd[1]: Listening on Syslog Socket.
[[0;32m  OK  [0m] Listening on Syslog Socket.
[   19.318693] systemd[1]: Listening on Device-mapper event daemon FIFOs.
[[0;32m  OK  [0m] Listening on Device-mapper event daemon FIFOs.
[   19.418742] systemd[1]: Reached target Encrypted Volumes.
[[0;32m  OK  [0m] Reached target Encrypted Volumes.
[   19.509350] systemd[1]: Created slice system-serial\x2dgetty.slice.
[[0;32m  OK  [0m] Created slice system-serial\x2dgetty.slice.
[   19.603199] systemd[1]: Listening on udev Control Socket.
[[0;32m  OK  [0m] Listening on udev Control Socket.
[   19.690557] systemd[1]: Listening on Journal Socket.
[[0;32m  OK  [0m] Listening on Journal Socket.
[   19.726352] systemd[1]: Mounting Debug File System...
         Mounting Debug File System...
[   19.771899] systemd[1]: Starting Load Kernel Modules...
         Starting Load Kernel Modules...
[   19.802470] Loading iSCSI transport class v2.0-870.
[   19.803935] systemd[1]: Starting Uncomplicated firewall...
         Starting Uncomplicated firewall...
[   19.851160] iscsi: registered transport (tcp)
[   19.859260] systemd[1]: Starting Set console keymap...
         Starting Set console keymap...
[   19.912989] systemd[1]: Starting Create list of required static device nodes for the current kernel...
         Starting Create list of required st... nodes for the current kernel...
[   19.962885] iscsi: registered transport (iser)
[   19.984039] systemd[1]: Starting Nameserver information manager...
         Starting Nameserver information manager...
[   20.030415] systemd[1]: Mounting Huge Pages File System...
         Mounting Huge Pages File System...
[   20.110758] systemd[1]: Starting Monitoring of LVM2 mirrors, snapshots etc. using dmeventd or progress polling...
         Starting Monitoring of LVM2 mirrors... dmeventd or progress polling...
[   20.178612] systemd[1]: Mounting POSIX Message Queue File System...
         Mounting POSIX Message Queue File System...
[   20.207257] systemd[1]: Starting Journal Service...
         Starting Journal Service...
[   20.241138] systemd[1]: Listening on udev Kernel Socket.
[[0;32m  OK  [0m] Listening on udev Kernel Socket.
[   20.258569] systemd[1]: Listening on /dev/initctl Compatibility Named Pipe.
[[0;32m  OK  [0m] Listening on /dev/initctl Compatibility Named Pipe.
[   20.299181] systemd[1]: Starting Remount Root and Kernel File Systems...
         [   20.329890] EXT4-fs (sda1): re-mounted. Opts: (null)
Starting Remount Root and Kernel File Systems...
[   20.342722] systemd[1]: Created slice User and Session Slice.
[[0;32m  OK  [0m] Created slice User and Session Slice.
[   20.372847] systemd[1]: Reached target Slices.
[[0;32m  OK  [0m] Reached target Slices.
[   20.391989] systemd[1]: Reached target Swap.
[[0;32m  OK  [0m] Reached target Swap.
[   20.415617] systemd[1]: Mounted Huge Pages File System.
[[0;32m  OK  [0m] Mounted Huge Pages File System.
[   20.435300] systemd[1]: Mounted Debug File System.
[[0;32m  OK  [0m] Mounted Debug File System.
[   20.458664] systemd[1]: Mounted POSIX Message Queue File System.
[[0;32m  OK  [0m] Mounted POSIX Message Queue File System.
[   20.481797] systemd[1]: Started Journal Service.
[[0;32m  OK  [0m] Started Journal Service.
[[0;32m  OK  [0m] Started Load Kernel Modules.
[[0;32m  OK  [0m] Started Uncomplicated firewall.
[[0;32m  OK  [0m] Started Set console keymap.
[[0;32m  OK  [0m] Started Create list of required sta...ce nodes for the current kernel.
[[0;32m  OK  [0m] Started Remount Root and Kernel File Systems.
[[0;32m  OK  [0m] Started Nameserver information manager.
[[0;32m  OK  [0m] Started LVM2 metadata daemon.
         Starting Load/Save Random Seed...
         Starting udev Coldplug all Devices...
         Starting Initial cloud-init job (pre-networking)...
         Starting Create Static Device Nodes in /dev...
         Mounting FUSE Control File System...
         Starting Apply Kernel Variables...
         Starting Flush Journal to Persistent Storage...
[[0;32m  OK  [0m] Mounted FUSE Control File System.
[[0;32m  OK  [0m] Started Load/Save Random Seed.
[[0;32m  OK  [0m] Started Create Static Device Nodes in /dev.
[[0;32m  OK  [0m] Started Apply Kernel Variables.
[[0;32m  OK  [0m] Started udev Coldplug all Devices.
[[0;32m  OK  [0m] Started Flush Journal to Persistent Storage.
         Starting udev Kernel Device Manager...
[[0;32m  OK  [0m] Started udev Kernel Device Manager.
[[0;32m  OK  [0m] Started Dispatch Password Requests to Console Directory Watch.
[[0;32m  OK  [0m] Started Monitoring of LVM2 mirrors,...ng dmeventd or progress polling.
[[0;32m  OK  [0m] Reached target Local File Systems (Pre).
[[0;32m  OK  [0m] Reached target Local File Systems.
         Starting LSB: AppArmor initialization...
         Starting Create Volatile Files and Directories...
         Starting Tell Plymouth To Write Out Runtime Data...
         Starting Set console font and keymap...
         Starting Commit a transient machine-id on disk...
[[0;32m  OK  [0m] Started Tell Plymouth To Write Out Runtime Data.
[[0;32m  OK  [0m] Started Create Volatile Files and Directories.
[[0;32m  OK  [0m] Started Commit a transient machine-id on disk.
         Starting Update UTMP about System Boot/Shutdown...
[[0;32m  OK  [0m] Reached target System Time Synchronized.
[[0;32m  OK  [0m] Started Update UTMP about System Boot/Shutdown.
[[0;32m  OK  [0m] Found device /dev/ttyS0.
[[0;32m  OK  [0m] Listening on Load/Save RF Kill Switch Status /dev/rfkill Watch.
[   18.179016] cloud-init[458]: Cloud-init v. 0.7.9 running 'init-local' at Wed, 05 Jul 2017 22:20:18 +0000. Up 17.52 seconds.
[[0;32m  OK  [0m] Started Initial cloud-init job (pre-networking).
[[0;32m  OK  [0m] Started LSB: AppArmor initialization.
[[0;32m  OK  [0m] Reached target Network (Pre).
         Starting Raise network interfaces...
[[0;32m  OK  [0m] Started Set console font and keymap.
[[0;32m  OK  [0m] Created slice system-getty.slice.
[[0;32m  OK  [0m] Started Raise network interfaces.
[[0;32m  OK  [0m] Reached target Network.
         Starting Initial cloud-init job (metadata service crawler)...
[   21.454509] cloud-init[948]: Cloud-init v. 0.7.9 running 'init' at Wed, 05 Jul 2017 22:20:21 +0000. Up 20.36 seconds.
[   21.528562] cloud-init[948]: ci-info: +++++++++++++++++++++++++++++++++++++Net device info++++++++++++++++++++++++++++++++++++++
[   21.530917] cloud-init[948]: ci-info: +--------+------+----------------------------+---------------+-------+-------------------+
[[0;32m  OK  [0m] Started Initial cloud-init job (metadata service crawler).
[   21.531056] cloud-init[948]: ci-info: | Device |  Up  |          Address           |      Mask     | Scope |     Hw-Address    |
[   21.820410] cloud-init[948]: ci-info: +--------+------+----------------------------+---------------+-------+-------------------+
[[0;32m  OK  [0m] Reached target Network is Online.
[   21.820740] cloud-init[948]: ci-info: | enp0s3 | True |         10.0.2.15          | 255.255.255.0 |   .   | 02:19:5c:9f:a4:65 |
[   21.956641] cloud-init[948]: ci-info: | enp0s3 | True | fe80::19:5cff:fe9f:a465/64 |       .       |  link | 02:19:5c:9f:a4:65 |
[   21.956958] cloud-init[948]: ci-info: |   lo   | True |         127.0.0.1          |   255.0.0.0   |   .   |         .         |
         Starting iSCSI initiator daemon (iscsid)...
[[   21.957135] cloud-init[948]: ci-info: |   lo   | True |          ::1/128           |       .       |  host |         .         |
[   22.168964] cloud-init[948]: ci-info: +--------+------+----------------------------+---------------+-------+-------------------+
[   22.169104] cloud-init[948]: ci-info: +++++++++++++++++++++++++++Route IPv4 info++++++++++++++++++++++++++++
[0;32m  OK  [0m] Reached target Cloud-config availability.
[[   22.169755] cloud-init[948]: ci-info: +-------+-------------+----------+---------------+-----------+-------+
[0;32m  OK  [0m] Reached target System Initialization.
[   22.368971] cloud-init[948]: ci-info: | Route | Destination | Gateway  |    Genmask    | Interface | Flags |
[   22.508333] cloud-init[948]: ci-info: +-------+-------------+----------+---------------+-----------+-------+
[[0;32m  OK  [0m] Listening on D-Bus System Message Bus Socket.
[   22.508620] cloud-init[948]: ci-info: |   0   |   0.0.0.0   | 10.0.2.2 |    0.0.0.0    |   enp0s3  |   UG  |
[   22.672544] cloud-init[948]: ci-info: |   1   |   10.0.2.0  | 0.0.0.0  | 255.255.255.0 |   enp0s3  |   U   |
[   22.672999] cloud-init[948]: ci-info: +-------+-------------+----------+---------------+-----------+-------+
         Starting Socket activation for snappy daemon.
[   22.673509] cloud-init[948]: Generating public/private rsa key pair.
[   22.860901] cloud-init[948]: Your identification has been saved in /etc/ssh/ssh_host_rsa_key.
[   22.861293] cloud-init[948]: Your public key has been saved in /etc/ssh/ssh_host_rsa_key.pub.
[[0;32m  OK  [0m] Started ACPI Events Check.
[   22.861422] cloud-init[948]: The key fingerprint is:
[   23.048597] cloud-init[948]: SHA256:llvOeFtbNZohdO5yBtHDnlzUO/W/C0eGQ1vO6XxaQig root@ubuntu-xenial
[   23.165249] cloud-init[948]: The key's randomart image is:
[[0;32m  OK  [0m] Reached target Paths.
[   23.166320] cloud-init[948]: +---[RSA 2048]----+
[   23.241165] cloud-init[948]: |               ..|
[[0;32m  OK  [0m] Listening on ACPID Listen Socket.
[[   23.241344] cloud-init[948]: |            o . o|
[   23.315229] cloud-init[948]: |           o * o+|
[0;32m  OK  [0m] Started Daily Cleanup of Temporary Directories.
[   23.315365] cloud-init[948]: |         .. B.Xoo|
[   23.436579] cloud-init[948]: |        S Eo.X.B+|
[   23.437047] cloud-init[948]: |       . * .+.X.o|
[[0;32m  OK  [0m] Started Timer to automatically refresh installed snaps.
[   23.437241] cloud-init[948]: |        o +..Bo++|
         [   23.544493] Starting LXD - unix socket.cloud-init
[948]: |         . o+oo=.|
[[   23.545054] cloud-init[948]: |          . . ...|
[0;32m  OK  [0m] Started Daily apt activities.
[   23.614268] cloud-init[948]: +----[SHA256]-----+
[   23.701507] cloud-init[948]: Generating public/private dsa key pair.
[[0;32m  OK  [0m] Reached target Timers.
[[   23.701640] cloud-init[948]: Your identification has been saved in /etc/ssh/ssh_host_dsa_key.
[   23.793441] cloud-init[948]: Your public key has been saved in /etc/ssh/ssh_host_dsa_key.pub.
[0;32m  OK  [0m] Listening on UUID daemon activation socket.
[   23.793572] cloud-init[948]: The key fingerprint is:
[   24.024850] cloud-init[948]: SHA256:eH1Goz8JG0R1wZFUXrxH6YoWgAUymMewE+ftTFlwsGY root@ubuntu-xenial
[   24.025232] cloud-init[948]: The key's randomart image is:
[[0;32m  OK  [0m] Listening on Socket activation for snappy daemon.
[   24.025391] cloud-init[948]: +---[DSA 1024]----+
[[0;32m  OK  [0m] Listening on LXD - unix socket.
[   24.153271] cloud-init[948]: |   o=+ +*+...o=*+|
[   24.238072] cloud-init[948]: |   o=o+.=o   .oo+|
[   24.239316] cloud-init[948]: |   o.. E  o o ..o|
[   24.239519] cloud-init[948]: |    . *. o + . o.|
[[0;32m  OK  [0m] Started iSCSI initiator daemon (iscsid).
[   24.239569] cloud-init[948]: |      .oS = = . .|
[   24.437109] cloud-init[948]: |       .   X o   |
[   24.456549] cloud-init[948]: |          o +    |
[   24.456941] cloud-init[948]: |             .   |
         Starting Login to default iSCSI targets...
[[   24.457121] cloud-init[948]: |                 |
[   24.513371] cloud-init[948]: +----[SHA256]-----+
[0;32m  OK  [0m] Reached target Sockets.
[[   24.513565] cloud-init[948]: Generating public/private ecdsa key pair.
[   24.573303] [0;32m  OK  [0mcloud-init] [948]: Reached target Basic System.Your identification has been saved in /etc/ssh/ssh_host_ecdsa_key.

[   24.573906] cloud-init[948]: Your public key has been saved in /etc/ssh/ssh_host_ecdsa_key.pub.
[   24.689090] cloud-init[948]: The key fingerprint is:
[   24.689635] cloud-init[948]: SHA256:rJ4Fh3s3UNaXxsiGbuJBhQzfc0gE17/j1OoDy34CyPs root@ubuntu-xenial
[[0;32m  OK  [0m] Started FUSE filesystem for LXC.
[   24.689936] cloud-init[948]: The key's randomart image is:
[[0;32m  OK  [0m[   24.782084] ] cloud-initStarted D-Bus System Message Bus.[948]: 
+---[ECDSA 256]---+
[   24.828556] cloud-init[948]: |      .o.+=.     |
[   24.829700] [cloud-init[0;32m  OK  [0m[948]: ] |       .o= =.o . |Started Snappy daemon.

[   24.830079] cloud-init[948]: |        o B *.=  |
[   24.876780] cloud-init[948]: |       + + + o.  |
[   24.909849] cloud-init[948]: |      o.S.o    o |
         Starting LSB: MD monitoring daemon...
[   24.953816] cloud-init[948]: |       *o=. . + .|
[   24.992509] cloud-init[948]: |      o +.oo = o |
         Starting /etc/rc.local Compatibility...
[   25.053900] cloud-init[948]: |     . +.. .+ =  |
[   25.144706] cloud-init[948]: |      o  .E..+.. |
[   25.145986] cloud-init[948]: +----[SHA256]-----+
[   25.146796] cloud-init[948]: Generating public/private ed25519 key pair.
         Starting Login Service...
[   25.146875] cloud-init[948]: Your identification has been saved in /etc/ssh/ssh_host_ed25519_key.
[   25.211031] cloud-init[948]: Your public key has been saved in /etc/ssh/ssh_host_ed25519_key.pub.
[   25.223016] cloud-init[948]: The key fingerprint is:
[   25.231650] cloud-init[948]: SHA256:iUdenEu6Yzr+4TFMaFYRHnNqykaj3MgI2yloOlkh6qU root@ubuntu-xenial
[[0;32m  OK  [0m[   25.281042] ] cloud-initStarted Regular background program processing daemon.[948]: 
The key's randomart image is:
         Starting Apply the settings specified in cloud-config...
[   25.376275] cloud-init[948]: +--[ED25519 256]--+
[   25.413021] cloud-init[948]: |        =..      |
[[0;32m  OK  [0m] Started Unattended Upgrades Shutdown.
[   25.413200] cloud-init[948]: |       . B .     |
[   25.466083] cloud-init[948]: |o .   o * =      |
[   25.466345] cloud-init[948]: |o= * * X = .     |
         Starting Auto import assertions from block devices...
[   25.466544] cloud-init[948]: |=.=.= X S .      |
[   25.531812] cloud-init[948]: |++o  + + .       |
         Starting Pollinate to seed the pseudo random number generator...
[   25.532491] cloud-init[948]: |+E      O        |
[   25.596446] cloud-init[948]: | .    .+ =       |
[[0;32m  OK  [0m] Started ACPI event daemon.
[   25.597334] cloud-init[948]: |     .ooo        |
[   25.663010] cloud-init[948]: +----[SHA256]-----+
         Starting LSB: Record successful boot for GRUB...
         Starting System Logging Service...
         Starting LXD - container startup/shutdown...
         Starting Accounts Service...
[[0;32m  OK  [0m] Started Deferred execution scheduler.
[[0;32m  OK  [0m] Started System Logging Service.
[[0;32m  OK  [0m] Started /etc/rc.local Compatibility.
[[0;32m  OK  [0m] Started Auto import assertions from block devices.
[[0;32m  OK  [0m] Started LXD - container startup/shutdown.
[[0;32m  OK  [0m] Started Login to default iSCSI targets.
[[0;32m  OK  [0m] Started LSB: MD monitoring daemon.
[[0;32m  OK  [0m] Started LSB: Record successful boot for GRUB.
[[0;32m  OK  [0m] Started Login Service.
         Starting Authenticate and Authorize Users to Run Privileged Tasks...
[[0;32m  OK  [0m] Reached target Remote File Systems (Pre).
[[0;32m  OK  [0m] Reached target Remote File Systems.
         Starting LSB: Set the CPU Frequency Scaling governor to "ondemand"...
         Starting Permit User Sessions...
         Starting LSB: daemon to balance interrupts for SMP systems...
         Starting LSB: VirtualBox Linux Additions...
         Starting LSB: automatic crash report generation...
[[0;32m  OK  [0m] Started Permit User Sessions.
[[0;32m  OK  [0m] Started Authenticate and Authorize Users to Run Privileged Tasks.
[[0;32m  OK  [0m] Started Accounts Service.
         Starting Terminate Plymouth Boot Screen...
         Starting Hold until boot process finishes up...
[[0;32m  OK  [0m] Started Pollinate to seed the pseudo random number generator.
[[0;32m  OK  [0m] Started LSB: Set the CPU Frequency Scaling governor to "ondemand".
[[0;32m  OK  [0m] Started LSB: daemon to balance interrupts for SMP systems.
[[0;32m  OK  [0m] Started LSB: VirtualBox Linux Additions.
[[0;32m  OK  [0m] Started LSB: automatic crash report generation.
[[0;32m  OK  [0m] Started Terminate Plymouth Boot Screen.
[[0;32m  OK  [0m] Started Hold until boot process finishes up.
[   26.932864] cloud-init[1075]: Generating locales (this might take a while)...
[[0;32m  OK  [0m] Started Serial Getty on ttyS0.
         Starting Set console scheme...
[[0;32m  OK  [0m] Started Getty on tty1.
[[0;32m  OK  [0m] Reached target Login Prompts.
         Starting OpenBSD Secure Shell server...
[[0;32m  OK  [0m] Started Set console scheme.
[[0;32m  OK  [0m] Started OpenBSD Secure Shell server.
[[0;32m  OK  [0m] Reached target Multi-User System.
[[0;32m  OK  [0m] Reached target Graphical Interface.
         Starting Update UTMP about System Runlevel Changes...
[[0;32m  OK  [0m] Started Update UTMP about System Runlevel Changes.
[   29.174891] cloud-init[1075]:   en_US.UTF-8... done
[   29.204647] cloud-init[1075]: Generation complete.
         Stopping OpenBSD Secure Shell server...
[[0;32m  OK  [0m] Stopped OpenBSD Secure Shell server.
         Starting OpenBSD Secure Shell server...
[[0;32m  OK  [0m] Started OpenBSD Secure Shell server.
[[0;32m  OK  [0m] Created slice User Slice of ubuntu.
         Starting User Manager for UID 1000...
[[0;32m  OK  [0m] Started Session 1 of user ubuntu.
[[0;32m  OK  [0m] Started User Manager for UID 1000.
[   29.866473] cloud-init[1075]: Cloud-init v. 0.7.9 running 'modules:config' at Wed, 05 Jul 2017 22:20:27 +0000. Up 26.48 seconds.
[[0;32m  OK  [0m] Started Apply the settings specified in cloud-config.
         Starting Execute cloud user/final scripts...
ci-info: no authorized ssh keys fingerprints found for user ubuntu.
<14>Jul  5 22:20:32 ec2: 
<14>Jul  5 22:20:32 ec2: #############################################################
<14>Jul  5 22:20:32 ec2: -----BEGIN SSH HOST KEY FINGERPRINTS-----
<14>Jul  5 22:20:32 ec2: 1024 SHA256:eH1Goz8JG0R1wZFUXrxH6YoWgAUymMewE+ftTFlwsGY root@ubuntu-xenial (DSA)
<14>Jul  5 22:20:32 ec2: 256 SHA256:rJ4Fh3s3UNaXxsiGbuJBhQzfc0gE17/j1OoDy34CyPs root@ubuntu-xenial (ECDSA)
<14>Jul  5 22:20:32 ec2: 256 SHA256:iUdenEu6Yzr+4TFMaFYRHnNqykaj3MgI2yloOlkh6qU root@ubuntu-xenial (ED25519)
<14>Jul  5 22:20:32 ec2: 2048 SHA256:llvOeFtbNZohdO5yBtHDnlzUO/W/C0eGQ1vO6XxaQig root@ubuntu-xenial (RSA)
<14>Jul  5 22:20:32 ec2: -----END SSH HOST KEY FINGERPRINTS-----
<14>Jul  5 22:20:32 ec2: #############################################################
-----BEGIN SSH HOST KEY KEYS-----
ecdsa-sha2-nistp256 AAAAE2VjZHNhLXNoYTItbmlzdHAyNTYAAAAIbmlzdHAyNTYAAABBBLVa0BSWlL0FsuZQnTs97JCRFWvEFC+nrjq8VM93EwdoXDDKj0E1GIqA+cV886YvA8VPtRW1OnzuVq8t2SEr+4A= root@ubuntu-xenial
ssh-ed25519 AAAAC3NzaC1lZDI1NTE5AAAAIHP2kJphJZmYIwjlNN7OIuFnsNk5H65Thv/prbtDXCOQ root@ubuntu-xenial
ssh-rsa AAAAB3NzaC1yc2EAAAADAQABAAABAQDJF+FKf6VzZlZuIkd8WU06J+WP/DC0TLDZJuDQ0p1O9Megg8GpRqfUWeMHTrvCy8xuGFSEkFvAUoDGgGuby9ch97wsQJ5ypr/0IcN9T6GXm5wSEBioMNr6po4wSX47dJJuQzGaDDAFYKmveeIF6EMSvPCvNgIu/NL8OKtSljJJzjLBx3JPS1rqx4ON19VjR/fAK4BTmesbj2vN3LjrG8AStN30dI2I8BgIOt1bBtsiH0lm1EZDBsdcFXTrxSFP2ebEU7S5roYgKjaqKka5I/RXJdJ1s9B9INqpcpaJf+JhZZ8JtaDvFNur5EuJa9NT9XKFjlpU7eO8E7yGD4LdBZAJ root@ubuntu-xenial
-----END SSH HOST KEY KEYS-----
[   32.119654] cloud-init[1396]: Cloud-init v. 0.7.9 running 'modules:final' at Wed, 05 Jul 2017 22:20:32 +0000. Up 31.24 seconds.
[   32.120360] cloud-init[1396]: ci-info: no authorized ssh keys fingerprints found for user ubuntu.
[   32.120513] cloud-init[1396]: Cloud-init v. 0.7.9 finished at Wed, 05 Jul 2017 22:20:33 +0000. Datasource DataSourceNoCloud [seed=/dev/sdb][dsmode=net].  Up 32.08 seconds

Ubuntu 16.04.2 LTS ubuntu-xenial ttyS0

ubuntu-xenial login: 